script=357_final_refactor/run_refactor_checks.sh
started_utc=2026-06-19T23:45:36.647118+00:00
timeout_seconds=1800
ARCH=sm_89
--- output ---
../357_final_refactor/run_refactor_checks.sh:6:  rg -n "TODO|FIXME" ..
../357_final_refactor/run_refactor_checks.sh:8:  grep -R -n "TODO\|FIXME" .. || true
../README.md:1117:TODO: Need to resolve problems with NaNs coming up as the smoothing continues when working with discontinuities due to rho, and plug this kernel 
../README.md:4722:Day 355: (Buffer day) Address any remaining issues or TODOs that came up during the projects (e.g., unfinished experiments, additional tuning suggested by results)
../run_outputs/day25_plus/355_cleanup_tasks/run_cleanup/combined.log:12:- Resolve any TODO/FIXME markers.
../002_Basic_CUDA_Samples/cuda-samples-12.8/Samples/3_CUDA_Features/cdpAdvancedQuicksort/cdpBitonicSort.cu:91:      sortbuf[1024];  // Max of 1024 elements - TODO: make this dynamic
../002_Basic_CUDA_Samples/cuda-samples-12.8/Samples/8_Platform_Specific/Tegra/cuDLALayerwiseStatsStandalone/main.cpp:407:    // TODO: Refactor into multiple dimensions
../002_Basic_CUDA_Samples/cuda-samples-12.8/Samples/2_Concepts_and_Techniques/interval/boost/config/compiler/codegear.hpp:155:// TODO: look up if this doesn't apply to the whole 12xx range
../002_Basic_CUDA_Samples/cuda-samples-12.8/Samples/2_Concepts_and_Techniques/interval/boost/config/compiler/visualc.hpp:71:// TODO: what version is meant here? Have there really been any fixes in cl 12.01 (as e.g. shipped with eVC4)?
../002_Basic_CUDA_Samples/cuda-samples-12.8/Samples/2_Concepts_and_Techniques/interval/boost/config/compiler/visualc.hpp:197:// TODO:
../002_Basic_CUDA_Samples/cuda-samples-12.8/Samples/2_Concepts_and_Techniques/interval/boost/config/compiler/comeau.hpp:27:// TODO: look up if this doesn't apply to the whole 12xx range
../002_Basic_CUDA_Samples/cuda-samples-12.8/Samples/2_Concepts_and_Techniques/interval/boost/config/compiler/borland.hpp:257:// TODO: look up if this doesn't apply to the whole 12xx range
../002_Basic_CUDA_Samples/cuda-samples-12.8/Samples/5_Domain_Specific/simpleD3D11Texture/d3dx11effect/d3dx11effect.h:176:#define D3DX11_EFFECT_PASS_COMMIT_CHANGES               (1 << 0)    // TODO: not yet implemented
../002_Basic_CUDA_Samples/cuda-samples-12.8/Samples/5_Domain_Specific/simpleD3D11Texture/d3dx11effect/d3dx11effect.h:177:#define D3DX11_EFFECT_PASS_OMIT_SHADERS_AND_INTERFACES  (1 << 1)    // TODO: not yet implemented
../002_Basic_CUDA_Samples/cuda-samples-12.8/Samples/5_Domain_Specific/simpleD3D11Texture/d3dx11effect/d3dx11effect.h:178:#define D3DX11_EFFECT_PASS_OMIT_STATE_OBJECTS           (1 << 2)    // TODO: not yet implemented
../002_Basic_CUDA_Samples/cuda-samples-12.8/Samples/5_Domain_Specific/simpleD3D11Texture/d3dx11effect/d3dx11effect.h:179:#define D3DX11_EFFECT_PASS_OMIT_RTVS_AND_DSVS           (1 << 3)    // TODO: not yet implemented
../002_Basic_CUDA_Samples/cuda-samples-12.8/Samples/5_Domain_Specific/simpleD3D11Texture/d3dx11effect/d3dx11effect.h:180:#define D3DX11_EFFECT_PASS_OMIT_SAMPLERS                (1 << 4)    // TODO: not yet implemented
../002_Basic_CUDA_Samples/cuda-samples-12.8/Samples/5_Domain_Specific/simpleD3D11Texture/d3dx11effect/d3dx11effect.h:181:#define D3DX11_EFFECT_PASS_OMIT_CBS                     (1 << 5)    // TODO: not yet implemented
../002_Basic_CUDA_Samples/cuda-samples-12.8/Samples/5_Domain_Specific/simpleD3D11Texture/d3dx11effect/d3dx11effect.h:182:#define D3DX11_EFFECT_PASS_OMIT_SRVS                    (1 << 6)    // TODO: not yet implemented
../002_Basic_CUDA_Samples/cuda-samples-12.8/Samples/5_Domain_Specific/simpleD3D11Texture/d3dx11effect/d3dx11effect.h:183:#define D3DX11_EFFECT_PASS_OMIT_UAVS                    (1 << 7)    // TODO: not yet implemented
../002_Basic_CUDA_Samples/cuda-samples-12.8/Samples/5_Domain_Specific/vulkanImageCUDA/linmath.h:352:    /* TODO: The negation of of can be spared by swapping the order of
../002_Basic_CUDA_Samples/cuda-samples-12.8/Samples/5_Domain_Specific/vulkanImageCUDA/linmath.h:465:    /* TODO: Take care of non-orthogonal case. */
../002_Basic_CUDA_Samples/cuda-samples-12.8/Samples/2_Concepts_and_Techniques/EGLStream_CUDA_CrossGPU/eglstrm_common.cpp:97:  // TODO: Find out if this EGL behavior is by design.
../Notes/GPU Mode/lecture_005/matmul_l5.ipynb:1226:    "    int TW = 16; // TODO: Calculate this dynamically\n",
../Notes/GPU Mode/lecture_018/model.py:258:    # TODO dry run the DLRM model
../002_Basic_CUDA_Samples/cuda-samples-12.8/Samples/5_Domain_Specific/simpleVulkan/linmath.h:353:    /* TODO: The negation of of can be spared by swapping the order of
../002_Basic_CUDA_Samples/cuda-samples-12.8/Samples/5_Domain_Specific/simpleVulkan/linmath.h:466:    /* TODO: Take care of non-orthogonal case. */
../002_Basic_CUDA_Samples/cuda-samples-12.8/Samples/4_CUDA_Libraries/randomFog/randomFog.cpp:649:      // TODO use width/height?
../Notes/GPU Mode/lecture_029/add_kernel.9969bdda_0123.c:38:// TODO: some code duplication with `runtime/backend/cuda.c`
../Notes/GPU Mode/lecture_029/add_kernel.9969bdda_0123.c:64:    // TODO: shared memory
../002_Basic_CUDA_Samples/cuda-samples-12.8/Samples/4_CUDA_Libraries/cuSolverRf/cuSolverRf.cpp:432:  // TODO: check singularity by tol
../Notes/GPU Mode/lecture_028/Address_overflow.ipynb:162:        "            # TODO: 32 seems to give the best performance\n",
../355_cleanup_tasks/cleanup_tasks.md:7:- Resolve any TODO/FIXME markers.

--- result ---
status=passed
exit_code=0
duration_seconds=0.862
